EN divisor NULL C:/hlocal/TOC/Practica2/divisor.vhd sub00/vhpl02 1382025196
EN munyeca NULL C:/hlocal/TOC/Practica2/munyeca.vhd sub00/vhpl00 1382025198
AR divisor divisor_arch C:/hlocal/TOC/Practica2/divisor.vhd sub00/vhpl03 1382025197
AR munyeca behavioral C:/hlocal/TOC/Practica2/munyeca.vhd sub00/vhpl01 1382025199
