AR celda circuito "C:/Users/enrique ballesteros/Desktop/Tercero/TOC/toc-practicas/Practica3/Pr3/celda.vhd" sub00/vhpl01 1384010624
EN celda NULL "C:/Users/enrique ballesteros/Desktop/Tercero/TOC/toc-practicas/Practica3/Pr3/celda.vhd" sub00/vhpl00 1384010623
EN multiplicador NULL "C:/Users/enrique ballesteros/Desktop/Tercero/TOC/toc-practicas/Practica3/Pr3/multiplicador.vhd" sub00/vhpl02 1384010625
AR multiplicador behavioral "C:/Users/enrique ballesteros/Desktop/Tercero/TOC/toc-practicas/Practica3/Pr3/multiplicador.vhd" sub00/vhpl03 1384010626
