V3 15
FL C:/hlocal/toc-practicas/Practica3/Pr3/celda.vhd 2013/11/11.13:40:52 P.15xf
EN work/celda 1384177755 FL C:/hlocal/toc-practicas/Practica3/Pr3/celda.vhd \
      PB ieee/std_logic_1164 1335251622
AR work/celda/circuito 1384177756 \
      FL C:/hlocal/toc-practicas/Practica3/Pr3/celda.vhd EN work/celda 1384177755
FL C:/hlocal/toc-practicas/Practica3/Pr3/multiplicador.vhd 2013/11/11.13:53:51 P.15xf
EN work/multiplicador 1384177757 \
      FL C:/hlocal/toc-practicas/Practica3/Pr3/multiplicador.vhd \
      PB ieee/std_logic_1164 1335251622
AR work/multiplicador/Behavioral 1384177758 \
      FL C:/hlocal/toc-practicas/Practica3/Pr3/multiplicador.vhd \
      EN work/multiplicador 1384177757 CP celda
FL C:/hlocal/toc-practicas/Practica3/teclado.vhd 2013/11/11.14:49:12 P.15xf
EN work/conversor 1384177759 FL C:/hlocal/toc-practicas/Practica3/teclado.vhd \
      PB ieee/std_logic_1164 1335251622 PB ieee/std_logic_arith 1335251623 \
      PB ieee/STD_LOGIC_UNSIGNED 1335251625
AR work/conversor/Behavioral 1384177760 \
      FL C:/hlocal/toc-practicas/Practica3/teclado.vhd EN work/conversor 1384177759 \
      CP multiplicador
FL C:/hlocal/toc/Practica3/Pr3/celda.vhd 2013/11/08.17:29:38 P.15xf
FL C:/hlocal/toc/Practica3/Pr3/multiplicador.vhd 2013/11/08.20:33:40 P.15xf
FL "C:/Users/enrique ballesteros/Desktop/Tercero/TOC/toc-practicas/Practica3/Pr3/celda.vhd" 2013/11/09.15:42:56 P.15xf
FL "C:/Users/enrique ballesteros/Desktop/Tercero/TOC/toc-practicas/Practica3/Pr3/multiplicador.vhd" 2013/11/09.16:13:05 P.15xf
