AR rams_2p circuito "C:/Users/enrique ballesteros/Desktop/Tercero/TOC/toc-practicas/Practica5/practica5/mem_2.vhd" sub00/vhpl03 1387160169
EN rams_2p NULL "C:/Users/enrique ballesteros/Desktop/Tercero/TOC/toc-practicas/Practica5/practica5/mem_2.vhd" sub00/vhpl02 1387160168
EN practica5 NULL "C:/Users/enrique ballesteros/Desktop/Tercero/TOC/toc-practicas/Practica5/practica5/practica5.vhd" sub00/vhpl00 1387160170
AR practica5 behavioral "C:/Users/enrique ballesteros/Desktop/Tercero/TOC/toc-practicas/Practica5/practica5/practica5.vhd" sub00/vhpl01 1387160171
