AR rams_2p circuito C:/hlocal/toc/Practica5/practica5/mem_2.vhd sub00/vhpl03 1386963554
EN rams_2p NULL C:/hlocal/toc/Practica5/practica5/mem_2.vhd sub00/vhpl02 1386963553
EN practica5 NULL C:/hlocal/toc/Practica5/practica5/practica5.vhd sub00/vhpl00 1386963555
AR practica5 behavioral C:/hlocal/toc/Practica5/practica5/practica5.vhd sub00/vhpl01 1386963556
