V3 7
FL C:/hlocal/toc/Practica5/practica5c/memp5.vhd 2013/12/16.14:29:23 P.15xf
EN work/Mem 1387202335 FL C:/hlocal/toc/Practica5/practica5c/memp5.vhd \
      PB ieee/std_logic_1164 1335251622 PB ieee/STD_LOGIC_UNSIGNED 1335251625
AR work/Mem/syn 1387202336 \
      FL C:/hlocal/toc/Practica5/practica5c/memp5.vhd EN work/Mem 1387202335
FL C:/hlocal/toc/Practica5/practica5c/practica5c.vhd 2013/12/16.14:56:39 P.15xf
EN work/practica5 1387202337 FL C:/hlocal/toc/Practica5/practica5c/practica5c.vhd \
      PB ieee/std_logic_1164 1335251622 PB ieee/STD_LOGIC_UNSIGNED 1335251625 \
      PB ieee/NUMERIC_STD 1335251627
AR work/practica5/Behavioral 1387202338 \
      FL C:/hlocal/toc/Practica5/practica5c/practica5c.vhd EN work/practica5 1387202337 \
      CP Mem
