AR celda circuito C:/hlocal/toc/Practica3/Pr3/celda.vhd sub00/vhpl01 1383939224
EN celda NULL C:/hlocal/toc/Practica3/Pr3/celda.vhd sub00/vhpl00 1383939223
EN multiplicador NULL C:/hlocal/toc/Practica3/Pr3/multiplicador.vhd sub00/vhpl02 1383939225
AR multiplicador behavioral C:/hlocal/toc/Practica3/Pr3/multiplicador.vhd sub00/vhpl03 1383939226
