AR celda circuito C:/hlocal/toc/Practica3/Pr3/celda.vhd sub00/vhpl01 1383938436
EN celda NULL C:/hlocal/toc/Practica3/Pr3/celda.vhd sub00/vhpl00 1383938435
EN multiplicador NULL C:/hlocal/toc/Practica3/Pr3/multiplicador.vhd sub00/vhpl02 1383938679
AR multiplicador behavioral C:/hlocal/toc/Practica3/Pr3/multiplicador.vhd sub00/vhpl03 1383938680
