EN mem NULL C:/hlocal/toc/Practica5/practica5b/memp5.vhd sub00/vhpl00 1387200809
AR mem syn C:/hlocal/toc/Practica5/practica5b/memp5.vhd sub00/vhpl01 1387200810
EN practica5 NULL C:/hlocal/toc/Practica5/practica5b.vhd sub00/vhpl02 1387200811
AR practica5 behavioral C:/hlocal/toc/Practica5/practica5b.vhd sub00/vhpl03 1387200812
